// Jest Snapshot v1, https://goo.gl/fbAQLP

exports[`<DetailCard /> should render and match the snapshot 1`] = `
<body>
  <div>
    <div
      class="DetailCard__Container-sc-1e9kpob-0 olfZV"
      data-testid="detail-card"
    >
      <div
        class="ant-card ant-card-bordered"
        data-testid="artwork-card"
      >
        <div
          class="ant-card-cover"
        >
          <img
            src="https://music.apple.com/us/artist/opeth/3196120?uo=4"
          />
        </div>
        <div
          class="ant-card-body"
        >
          <div
            class="DetailCard__Row-sc-1e9kpob-1 gRwRoj"
          >
            <div
              class="DetailCard__Col-sc-1e9kpob-2 dngWDh"
              size="1"
            >
              <div
                class="ant-statistic"
              >
                <div
                  class="ant-statistic-title"
                >
                  <p
                    class="T__StyledText-gjlic1-0 cbAvsY"
                    data-testid="t"
                  >
                    Track Name
                  </p>
                </div>
                <div
                  class="ant-statistic-content"
                >
                  <span
                    class="ant-statistic-content-value"
                  >
                    <span
                      class="ant-statistic-content-value-int"
                    >
                      
                      0
                    </span>
                    
                  </span>
                </div>
              </div>
              <div
                class="ant-statistic"
              >
                <div
                  class="ant-statistic-title"
                >
                  <p
                    class="T__StyledText-gjlic1-0 cbAvsY"
                    data-testid="t"
                  >
                    Album
                  </p>
                </div>
                <div
                  class="ant-statistic-content"
                >
                  <span
                    class="ant-statistic-content-value"
                  >
                    <span
                      class="ant-statistic-content-value-int"
                    >
                      
                      0
                    </span>
                    
                  </span>
                </div>
              </div>
            </div>
            <div
              class="DetailCard__Col-sc-1e9kpob-2 dngWDh"
              size="1"
            >
              <div
                class="ant-statistic"
              >
                <div
                  class="ant-statistic-title"
                >
                  <p
                    class="T__StyledText-gjlic1-0 cbAvsY"
                    data-testid="t"
                  >
                    Track Time
                  </p>
                </div>
                <div
                  class="ant-statistic-content"
                >
                  <span
                    class="ant-statistic-content-value"
                  >
                    NaN:NaN
                  </span>
                </div>
              </div>
              <div
                class="ant-statistic"
              >
                <div
                  class="ant-statistic-title"
                >
                  <p
                    class="T__StyledText-gjlic1-0 cbAvsY"
                    data-testid="t"
                  >
                    Genre
                  </p>
                </div>
                <div
                  class="ant-statistic-content"
                >
                  <span
                    class="ant-statistic-content-value"
                  >
                    <span
                      class="ant-statistic-content-value-int"
                    >
                      
                      0
                    </span>
                    
                  </span>
                </div>
              </div>
            </div>
          </div>
          <div
            class="DetailCard__Row-sc-1e9kpob-1 gRwRoj"
          >
            <div
              class="DetailCard__Col-sc-1e9kpob-2 dngWDh"
              size="1"
            >
              <div
                class="ant-statistic"
              >
                <div
                  class="ant-statistic-title"
                >
                  <p
                    class="T__StyledText-gjlic1-0 cbAvsY"
                    data-testid="t"
                  >
                    Explicitness
                  </p>
                </div>
                <div
                  class="ant-statistic-content"
                >
                  <span
                    class="ant-statistic-content-value"
                  >
                    <span
                      class="ant-statistic-content-value-int"
                    >
                      
                      0
                    </span>
                    
                  </span>
                </div>
              </div>
            </div>
            <div
              class="DetailCard__Col-sc-1e9kpob-2 dngWDh"
              size="1"
            >
              <div
                class="ant-statistic"
              >
                <div
                  class="ant-statistic-title"
                >
                  <p
                    class="T__StyledText-gjlic1-0 cbAvsY"
                    data-testid="t"
                  >
                    Artist
                  </p>
                </div>
                <div
                  class="ant-statistic-content"
                >
                  <span
                    class="ant-statistic-content-value"
                  >
                    <span
                      class="ant-statistic-content-value-int"
                    >
                      
                      0
                    </span>
                    
                  </span>
                </div>
              </div>
            </div>
          </div>
        </div>
        <ul
          class="ant-card-actions"
        >
          <li
            style="width: 33.333333333333336%;"
          >
            <span>
              <a
                data-testid="artist-view-link"
                href="https://music.apple.com/us/artist/opeth/3196120?uo=4"
              >
                <p
                  class="T__StyledText-gjlic1-0 cbAvsY"
                  data-testid="view-artist-text"
                >
                  View Artist
                </p>
              </a>
            </span>
          </li>
          <li
            style="width: 33.333333333333336%;"
          >
            <span>
              <a
                data-testid="album-view-link"
                href="https://music.apple.com/us/artist/opeth/3196120?uo=4"
              >
                <p
                  class="T__StyledText-gjlic1-0 cbAvsY"
                  data-testid="view-album-text"
                >
                  View Album
                </p>
              </a>
            </span>
          </li>
          <li
            style="width: 33.333333333333336%;"
          >
            <span>
              <a
                data-testid="track-view-link"
                href="https://music.apple.com/us/artist/opeth/3196120?uo=4"
              >
                <p
                  class="T__StyledText-gjlic1-0 cbAvsY"
                  data-testid="view-track-text"
                >
                  View Track
                </p>
              </a>
            </span>
          </li>
        </ul>
      </div>
    </div>
  </div>
</body>
`;
