// Jest Snapshot v1, https://goo.gl/fbAQLP

exports[`<TrackCard /> should render and match the snapshot 1`] = `
<body>
  <div>
    <div
      class="TrackCard__Container-sc-10bk196-0 efqyIx"
      data-testid="track-card"
    >
      <div
        class="ant-card ant-card-bordered"
      >
        <div
          class="ant-card-body"
        >
          <p>
            Album : 
          </p>
          <p>
            Perfomed By : 
          </p>
        </div>
      </div>
    </div>
  </div>
</body>
`;
